Hitachi Optimizing Linkage Editor (Ver. 7.1.03.000)07-Sep-2024 21:03:04

*** Options ***

-subcommand=C:\Users\hojooni\AppData\Local\Temp\hmk1D8F.tmp
noprelink
sdebug
rom D=R
nomessage
list "C:\Users\hojooni\OneDrive\문서\CASIO\fx-9860G SDK\BREAK\Debug\FXADDINror.map"
show symbol
nooptimize
start P_TOP,P,C,D,C$VTBL,C$INIT/0300200,B_BR_Size,B,R/08100000
fsymbol P
nologo
input "C:\Users\hojooni\OneDrive\문서\CASIO\fx-9860G SDK\BREAK\Debug\Break.obj"
input "C:\Users\hojooni\OS\FX\lib\setup.obj"
library "C:\Users\hojooni\OS\FX\lib\fx9860G_library.lib"
output "C:\Users\hojooni\OneDrive\문서\CASIO\fx-9860G SDK\BREAK\Debug\FXADDINror.abs"
-nomessage=1100
end

*** Error information ***

*** Mapping List ***

SECTION                            START      END         SIZE   ALIGN

P_TOP
                                  00300200  0030020b         c   4
P
                                  0030020c  00302beb      29e0   4
C
                                  00302bec  00302c83        98   4
D
                                  00302c84  00302cb7        34   4
B_BR_Size
                                  08100000  08100003         4   4
B
                                  08100004  081002fb       2f8   4
R
                                  081002fc  0810032f        34   4

*** Symbol List ***

SECTION=
FILE=                               START        END    SIZE
  SYMBOL                            ADDR        SIZE    INFO      COUNTS  OPT

SECTION=P_TOP
FILE=C:\Users\hojooni\OneDrive\문서\CASIO\fx-9860G SDK\BREAK\Debug\Break.obj
                                  00300200  0030020b         c
  _InitializeSystem
                                  00300200         c   func ,g         * 

SECTION=P
FILE=C:\Users\hojooni\OneDrive\문서\CASIO\fx-9860G SDK\BREAK\Debug\Break.obj
                                  0030020c  00301647      143c
  _OSVersionAsInt
                                  0030020c        3a   func ,g         * 
  _delay
                                  00300246        10   func ,g         * 
  _CheckKeyRow
                                  00300256        ee   func ,g         * 
  _KeyDown
                                  00300344        90   func ,g         * 
  _GetKeyMod
                                  003003d4        3c   func ,g         * 
  _max
                                  00300410        1c   func ,g         * 
  _min
                                  0030042c        1c   func ,g         * 
  _round
                                  00300448        16   func ,g         * 
  _floor
                                  0030045e         e   func ,g         * 
  _ceil
                                  0030046c        16   func ,g         * 
  _fabs
                                  00300482        22   func ,g         * 
  _intersectY
                                  003004a4        24   func ,g         * 
  _intersectX
                                  003004c8        24   func ,g         * 
  _sqrtf
                                  003004ec        6c   func ,g         * 
  _dist
                                  00300558        88   func ,g         * 
  _randf
                                  003005e0        30   func ,g         * 
  _isBetween
                                  00300610        40   func ,g         * 
  _nearestMultiple
                                  00300650        38   func ,g         * 
  _isHittable
                                  00300688        ee   func ,g         * 
  _getCollidingBrick
                                  00300776       242   func ,g         * 
  _drawWalls
                                  003009b8        4c   func ,g         * 
  _drawPaddle
                                  00300a04        2c   func ,g         * 
  _drawBall
                                  00300a30       104   func ,g         * 
  _drawBricks
                                  00300b34        82   func ,g         * 
  _itoa
                                  00300bb6        be   func ,g         * 
  _drawUI
                                  00300c74        6a   func ,g         * 
  _frame
                                  00300cde       736   func ,g         * 
  _titleScreen
                                  00301414       180   func ,g         * 
  _randomTick
                                  00301594        12   func ,g         * 
  _AddIn_main
                                  003015a6        a2   func ,g         * 
FILE=C:\Users\hojooni\OS\FX\lib\setup.obj
                                  00301648  00301763       11c
  ___LINK_PROTECT
                                  00301648         4   func ,g         * 
  _SetQuitHandler
                                  0030164c         6   func ,g         * 
  _OnAppCloseDefault
                                  00301652        54   func ,g         * 
  __INITSCT_ADDIN
                                  003016a6        48   func ,g         * 
  _INIT_ADDIN_APPLICATION
                                  003016ee        76   func ,g         * 
FILE=r_addd
                                  00301764  00301af3       390
  __subd
                                  00301764         0   none ,g         * 
  __subdr
                                  0030177c         0   none ,g         * 
  exception1
                                  00301794         0   none ,l         * 
  return_NaN
                                  003017a8         0   none ,l         * 
  return_inf
                                  003017b0         0   none ,l         * 
  exception2
                                  003017b4         0   none ,l         * 
  p2_denorm_check
                                  003017c8         0   none ,l         * 
  p1_denorm
                                  003017d4         0   none ,l         * 
  return_p2
                                  003017e0         0   none ,l         * 
  return_p1
                                  003017e8         0   none ,l         * 
  p1_normalize
                                  003017f6         0   none ,l         * 
  p1_norm_loop
                                  00301800         0   none ,l         * 
  end_p1_norm
                                  0030180a         0   none ,l         * 
  p2_normalize
                                  0030180a         0   none ,l         * 
  p2_norm_loop
                                  00301814         0   none ,l         * 
  end_p2_norm
                                  0030181e         0   none ,l         * 
  swap_end
                                  00301826         0   none ,l         * 
  return_zero
                                  0030182a         0   none ,l         * 
  __addd
                                  00301834         0   none ,g         * 
  sub_in
                                  00301846         0   none ,l         * 
  rotation
                                  00301866         0   none ,l         * 
  exception_return
                                  00301892         0   none ,l         * 
  sftr1
                                  003018d4         0   none ,l         * 
  e_sftr31
                                  003018d8         0   none ,l         * 
  e_sftr55
                                  003018fe         0   none ,l         * 
  sftr_loop
                                  00301904         0   none ,l         * 
  end_sftr
                                  0030190c         0   none ,l         * 
  mantissa_sub
                                  00301930         0   none ,l         * 
  man_sub1
                                  00301938         0   none ,l         * 
  normalize
                                  00301946         0   none ,l         * 
  norm32_end
                                  00301950         0   none ,l         * 
  norm16_end
                                  00301960         0   none ,l         * 
  over_norm
                                  00301966         0   none ,l         * 
  overnorm_end
                                  00301992         0   none ,l         * 
  norm_loop
                                  00301998         0   none ,l         * 
  end_calc
                                  003019c0         0   none ,l         * 
  end_norm
                                  003019c0         0   none ,l         * 
  denormalize_loop
                                  003019c8         0   none ,l         * 
  round
                                  003019d0         0   none ,l         * 
  end_denormal
                                  003019d0         0   none ,l         * 
  round_carry
                                  003019e8         0   none ,l         * 
  end_round
                                  003019ee         0   none ,l         * 
  return_value
                                  003019ee         0   none ,l         * 
  return
                                  00301a0c         0   none ,l         * 
  plus_zero
                                  00301a2c         0   none ,l         * 
  swap
                                  00301a36         0   none ,l         * 
  EXP_INF
                                  00301a50         0   none ,l         * 
  MMASK
                                  00301a54         0   none ,l         * 
  MSB
                                  00301a58         0   none ,l         * 
  LOWMASK
                                  00301a5c         0   none ,l         * 
  CARRY_CHECK
                                  00301a60         0   none ,l         * 
  NORMAL
                                  00301a64         0   none ,l         * 
  SIGN
                                  00301a68         0   none ,l         * 
  HALF
                                  00301a6c         0   none ,l         * 
  sftrtbl
                                  00301a70         0   none ,l         * 
FILE=r_adds
                                  00301af4  00301d5f       26c
  __subs
                                  00301af4         0   none ,g         * 
  __adds
                                  00301afa         0   none ,g         * 
  rotation
                                  00301b14         0   none ,l         * 
  exception_return
                                  00301b3e         0   none ,l         * 
  label
                                  00301b5e         0   none ,l         * 
  e_sftr26
                                  00301b62         0   none ,l         * 
  or_sticky
                                  00301b66         0   none ,l         * 
  end_sftr
                                  00301b6c         0   none ,l         * 
  mantissa_sub
                                  00301b86         0   none ,l         * 
  normalize
                                  00301b90         0   none ,l         * 
  n_sftl_8
                                  00301ba6         0   none ,l         * 
  n_sftl_4
                                  00301bb2         0   none ,l         * 
  n_sftl_2
                                  00301bc0         0   none ,l         * 
  n_sftl_1
                                  00301bc8         0   none ,l         * 
  normal
                                  00301bd0         0   none ,l         * 
  end_calc
                                  00301bd2         0   none ,l         * 
  denormalize_loop
                                  00301bda         0   none ,l         * 
  end_denormal
                                  00301be0         0   none ,l         * 
  round_carry
                                  00301bf0         0   none ,l         * 
  end_round
                                  00301bf4         0   none ,l         * 
  return_value
                                  00301bf4         0   none ,l         * 
  return
                                  00301c02         0   none ,l         * 
  exception1
                                  00301c10         0   none ,l         * 
  return_NaN
                                  00301c1e         0   none ,l         * 
  return_inf
                                  00301c24         0   none ,l         * 
  exception2
                                  00301c28         0   none ,l         * 
  p2_denorm_check
                                  00301c34         0   none ,l         * 
  p1_denorm
                                  00301c3c         0   none ,l         * 
  p1_norm_loop
                                  00301c44         0   none ,l         * 
  end_p1_norm
                                  00301c4a         0   none ,l         * 
  p2_normalize
                                  00301c4a         0   none ,l         * 
  p2_norm_loop
                                  00301c4e         0   none ,l         * 
  end_p2_norm
                                  00301c54         0   none ,l         * 
  plus_zero
                                  00301c58         0   none ,l         * 
  return_zero
                                  00301c5a         0   none ,l         * 
  return_parm1
                                  00301c60         0   none ,l         * 
  e_sftr7
                                  00301c68         0   none ,l         * 
  e_sftr5
                                  00301c6a         0   none ,l         * 
  e_sftr3
                                  00301c6c         0   none ,l         * 
  e_sftr1
                                  00301c6e         0   none ,l         * 
  e_sftr6
                                  00301c72         0   none ,l         * 
  e_sftr4
                                  00301c74         0   none ,l         * 
  e_sftr2
                                  00301c76         0   none ,l         * 
  e_sftr15
                                  00301c7a         0   none ,l         * 
  e_sftr13
                                  00301c7e         0   none ,l         * 
  e_sftr11
                                  00301c82         0   none ,l         * 
  e_sftr9
                                  00301c86         0   none ,l         * 
  e_sftr14
                                  00301c90         0   none ,l         * 
  e_sftr12
                                  00301c94         0   none ,l         * 
  e_sftr10
                                  00301c98         0   none ,l         * 
  e_sftr8
                                  00301c9c         0   none ,l         * 
  e_sftr23
                                  00301ca2         0   none ,l         * 
  e_sftr21
                                  00301ca6         0   none ,l         * 
  e_sftr19
                                  00301caa         0   none ,l         * 
  e_sftr17
                                  00301cae         0   none ,l         * 
  e_sftr22
                                  00301cb8         0   none ,l         * 
  e_sftr20
                                  00301cbc         0   none ,l         * 
  e_sftr18
                                  00301cc0         0   none ,l         * 
  e_sftr16
                                  00301cc4         0   none ,l         * 
  e_sftr25
                                  00301cca         0   none ,l         * 
  e_sftr24
                                  00301cd8         0   none ,l         * 
  a_sftrtbl
                                  00301ce4         0   none ,l         * 
  EXP_INF
                                  00301d4c         0   none ,l         * 
  HALF
                                  00301d50         0   none ,l         * 
  LRS
                                  00301d54         0   none ,l         * 
  MAN_1
                                  00301d58         0   none ,l         * 
  NaN
                                  00301d5c         0   none ,l         * 
FILE=r_divs
                                  00301d60  00301ef7       198
  exception1
                                  00301d60         0   none ,l         * 
  exception2
                                  00301d6c         0   none ,l         * 
  exception3
                                  00301d74         0   none ,l         * 
  normalize1
                                  00301d84         0   none ,l         * 
  p1_norm_loop
                                  00301d88         0   none ,l         * 
  end_p1_norm
                                  00301d8e         0   none ,l         * 
  exception4
                                  00301d92         0   none ,l         * 
  p2_normalize
                                  00301d96         0   none ,l         * 
  p2_norm_loop
                                  00301d9a         0   none ,l         * 
  end_p2_norm
                                  00301da0         0   none ,l         * 
  return_zero
                                  00301da4         0   none ,l         * 
  return_inf
                                  00301dac         0   none ,l         * 
  return_NaN
                                  00301db2         0   none ,l         * 
  __divs
                                  00301db8         0   none ,g         * 
  exception_return3
                                  00301dec         0   none ,l         * 
  exception_return4
                                  00301df0         0   none ,l         * 
  make_result
                                  00301e6c         0   none ,l         * 
  end_calc_sticky
                                  00301e7c         0   none ,l         * 
  end_normalize
                                  00301e84         0   none ,l         * 
  denormalize_loop
                                  00301e96         0   none ,l         * 
  round_denormal
                                  00301ea0         0   none ,l         * 
  end_round_d
                                  00301eb4         0   none ,l         * 
  end_denormal
                                  00301eb8         0   none ,l         * 
  round_carry
                                  00301ec8         0   none ,l         * 
  end_round
                                  00301ecc         0   none ,l         * 
  return_value
                                  00301ecc         0   none ,l         * 
  return
                                  00301eda         0   none ,l         * 
  EXP_INF
                                  00301ee8         0   none ,l         * 
  LRS
                                  00301eec         0   none ,l         * 
  MAN_1
                                  00301ef0         0   none ,l         * 
  NaN
                                  00301ef4         0   none ,l         * 
FILE=r_dtos
                                  00301ef8  00301fd3        dc
  __dtos
                                  00301ef8         0   none ,g         * 
  end_sticky
                                  00301f4e         0   none ,l         * 
  denormalize_loop
                                  00301f56         0   none ,l         * 
  end_denormal
                                  00301f60         0   none ,l         * 
  round_carry
                                  00301f70         0   none ,l         * 
  end_round
                                  00301f74         0   none ,l         * 
  return
                                  00301f84         0   none ,l         * 
  exception
                                  00301f92         0   none ,l         * 
  return_inf
                                  00301f9a         0   none ,l         * 
  return_NaN
                                  00301fa2         0   none ,l         * 
  return_zero
                                  00301fa8         0   none ,l         * 
  EXP_INF
                                  00301fb0         0   none ,l         * 
  MMASK
                                  00301fb4         0   none ,l         * 
  SMASK
                                  00301fb8         0   none ,l         * 
  DEF_BIAS
                                  00301fbc         0   none ,l         * 
  MSB
                                  00301fc0         0   none ,l         * 
  INFS
                                  00301fc4         0   none ,l         * 
  CARRY_CHECK
                                  00301fc8         0   none ,l         * 
  RET_INF
                                  00301fcc         0   none ,l         * 
  NaN
                                  00301fd0         0   none ,l         * 
FILE=r_ges
                                  00301fd4  0030204b        78
  __ges
                                  00301fd4         0   none ,g         * 
  exception_return1
                                  00301ff8         0   none ,l         * 
  exception_return2
                                  00301ffc         0   none ,l         * 
  exception_return3
                                  00302000         0   none ,l         * 
  minus
                                  0030200e         0   none ,l         * 
  sign_def
                                  00302014         0   none ,l         * 
  return
                                  00302018         0   none ,l         * 
  exception1
                                  00302024         0   none ,l         * 
  exception2
                                  0030202c         0   none ,l         * 
  exception3
                                  00302034         0   none ,l         * 
  false
                                  00302044         0   none ,l         * 
  EXP_INF
                                  00302048         0   none ,l         * 
FILE=r_gts
                                  0030204c  003020c3        78
  __gts
                                  0030204c         0   none ,g         * 
  exception_return1
                                  00302070         0   none ,l         * 
  exception_return2
                                  00302074         0   none ,l         * 
  exception_return3
                                  00302078         0   none ,l         * 
  minus
                                  00302086         0   none ,l         * 
  sign_def
                                  0030208c         0   none ,l         * 
  return
                                  00302090         0   none ,l         * 
  exception1
                                  0030209c         0   none ,l         * 
  exception2
                                  003020a4         0   none ,l         * 
  exception3
                                  003020ac         0   none ,l         * 
  false
                                  003020bc         0   none ,l         * 
  EXP_INF
                                  003020c0         0   none ,l         * 
FILE=r_itos
                                  003020c4  0030211b        58
  __itos
                                  003020c4         0   none ,g         * 
  end_negate
                                  003020d8         0   none ,l         * 
  sftl_loop
                                  003020da         0   none ,l         * 
  end_round
                                  003020f6         0   none ,l         * 
  return_value
                                  003020f6         0   none ,l         * 
  return_zero
                                  0030210c         0   none ,l         * 
  EXP_32
                                  00302110         0   none ,l         * 
  LRS
                                  00302114         0   none ,l         * 
  MAN_1
                                  00302118         0   none ,l         * 
FILE=r_les
                                  0030211c  00302193        78
  __les
                                  0030211c         0   none ,g         * 
  exception_return1
                                  00302140         0   none ,l         * 
  exception_return2
                                  00302144         0   none ,l         * 
  exception_return3
                                  00302148         0   none ,l         * 
  minus
                                  00302156         0   none ,l         * 
  sign_def
                                  0030215c         0   none ,l         * 
  return
                                  00302160         0   none ,l         * 
  exception1
                                  0030216c         0   none ,l         * 
  exception2
                                  00302174         0   none ,l         * 
  exception3
                                  0030217c         0   none ,l         * 
  false
                                  0030218c         0   none ,l         * 
  EXP_INF
                                  00302190         0   none ,l         * 
FILE=r_ltd
                                  00302194  0030223b        a8
  __ltd
                                  00302194         0   none ,g         * 
  exception_return1
                                  003021c6         0   none ,l         * 
  exception_return2
                                  003021ca         0   none ,l         * 
  exception_return3
                                  003021ce         0   none ,l         * 
  minus
                                  003021e0         0   none ,l         * 
  sign_def
                                  003021e8         0   none ,l         * 
  return
                                  003021ec         0   none ,l         * 
  exception1
                                  00302200         0   none ,l         * 
  exception2
                                  0030220c         0   none ,l         * 
  exception3
                                  00302218         0   none ,l         * 
  false
                                  00302230         0   none ,l         * 
  EXP_INF
                                  00302234         0   none ,l         * 
  MMASK
                                  00302238         0   none ,l         * 
FILE=r_lts
                                  0030223c  003022b3        78
  __lts
                                  0030223c         0   none ,g         * 
  exception_return1
                                  00302260         0   none ,l         * 
  exception_return2
                                  00302264         0   none ,l         * 
  exception_return3
                                  00302268         0   none ,l         * 
  minus
                                  00302276         0   none ,l         * 
  sign_def
                                  0030227c         0   none ,l         * 
  return
                                  00302280         0   none ,l         * 
  exception1
                                  0030228c         0   none ,l         * 
  exception2
                                  00302294         0   none ,l         * 
  exception3
                                  0030229c         0   none ,l         * 
  false
                                  003022ac         0   none ,l         * 
  EXP_INF
                                  003022b0         0   none ,l         * 
FILE=r_muls
                                  003022b4  003023f3       140
  __muls
                                  003022b4         0   none ,g         * 
  exception_return3
                                  003022ec         0   none ,l         * 
  exception_return4
                                  003022f0         0   none ,l         * 
  end_calc_sticky
                                  00302312         0   none ,l         * 
  denormal
                                  00302322         0   none ,l         * 
  end_normalize
                                  00302324         0   none ,l         * 
  denormalize_loop
                                  0030232c         0   none ,l         * 
  round_denormal
                                  00302336         0   none ,l         * 
  end_round_d
                                  0030234a         0   none ,l         * 
  end_denormal
                                  0030234e         0   none ,l         * 
  round_carry
                                  0030235e         0   none ,l         * 
  end_round
                                  00302362         0   none ,l         * 
  return_value
                                  00302362         0   none ,l         * 
  return
                                  00302370         0   none ,l         * 
  exception1
                                  00302380         0   none ,l         * 
  parm2_NaN_check
                                  00302394         0   none ,l         * 
  exception2
                                  0030239c         0   none ,l         * 
  exception3
                                  003023ac         0   none ,l         * 
  p1_norm_loop
                                  003023b4         0   none ,l         * 
  end_p1_norm
                                  003023ba         0   none ,l         * 
  exception4
                                  003023be         0   none ,l         * 
  p2_normalize
                                  003023c2         0   none ,l         * 
  p2_norm_loop
                                  003023c6         0   none ,l         * 
  end_p2_norm
                                  003023cc         0   none ,l         * 
  return_zero
                                  003023d0         0   none ,l         * 
  return_inf
                                  003023d8         0   none ,l         * 
  return_NaN
                                  003023de         0   none ,l         * 
  EXP_INF
                                  003023e4         0   none ,l         * 
  LRS
                                  003023e8         0   none ,l         * 
  MAN_1
                                  003023ec         0   none ,l         * 
  NaN
                                  003023f0         0   none ,l         * 
FILE=r_negs
                                  003023f4  003023fb         8
  __negs
                                  003023f4         0   none ,g         * 
FILE=r_nes
                                  003023fc  00302463        68
  __nes
                                  003023fc         0   none ,g         * 
  exception_return1
                                  00302420         0   none ,l         * 
  exception_return2
                                  00302424         0   none ,l         * 
  exception_return3
                                  00302428         0   none ,l         * 
  true
                                  00302430         0   none ,l         * 
  return
                                  00302432         0   none ,l         * 
  exception1
                                  0030243e         0   none ,l         * 
  exception2
                                  00302446         0   none ,l         * 
  exception3
                                  0030244e         0   none ,l         * 
  EXP_INF
                                  00302460         0   none ,l         * 
FILE=r_stod
                                  00302464  003024eb        88
  __stod
                                  00302464         0   none ,g         * 
  exception_return
                                  00302482         0   none ,l         * 
  pack
                                  00302486         0   none ,l         * 
  return
                                  003024a2         0   none ,l         * 
  exception1
                                  003024b2         0   none ,l         * 
  return_NaN
                                  003024bc         0   none ,l         * 
  exception2
                                  003024c2         0   none ,l         * 
  p1_norm_loop
                                  003024ca         0   none ,l         * 
  end_p1_norm
                                  003024d0         0   none ,l         * 
  return_zero
                                  003024d4         0   none ,l         * 
  EXP_INF
                                  003024d8         0   none ,l         * 
  MMASK
                                  003024dc         0   none ,l         * 
  RET_INF
                                  003024e0         0   none ,l         * 
  NAN
                                  003024e4         0   none ,l         * 
  DEF_BIAS
                                  003024e8         0   none ,l         * 
FILE=r_stoi
                                  003024ec  00302543        58
  __stoi
                                  003024ec         0   none ,g         * 
  __stou
                                  003024ec         0   none ,g         * 
  loop_sftl
                                  0030251c         0   none ,l         * 
  shift_r
                                  00302526         0   none ,l         * 
  loop_sftr
                                  00302528         0   none ,l         * 
  end_shift
                                  0030252e         0   none ,l         * 
  return
                                  00302534         0   none ,l         * 
  end_nagate
                                  00302534         0   none ,l         * 
  return_zero
                                  0030253c         0   none ,l         * 
  EXP_INF
                                  00302540         0   none ,l         * 
FILE=__divls
                                  00302544  003025f7        b4
  __divls
                                  00302544         0   none ,g         * 
  divls_zero
                                  003025e2         0   none ,l         * 
  A_errno
                                  003025f0         0   none ,l         * 
  n_zerono
                                  003025f4         0   none ,l         * 
FILE=__modls
                                  003025f8  003026bf        c8
  __modls
                                  003025f8         0   none ,g         * 
  modls_L
                                  0030269e         0   none ,l         * 
  modls_zero
                                  003026aa         0   none ,l         * 
  A_errno
                                  003026b8         0   none ,l         * 
  n_zerono
                                  003026bc         0   none ,l         * 
FILE=__q_fmvn
                                  003026c0  00302763        a4
  __quick_evn_mvn
                                  003026c0         0   none ,g         * 
  __quick_odd_mvn
                                  003026cc         0   none ,g         * 
  A_FMVN_TBL
                                  003026d8         0   none ,l         * 
  FMVN_64
                                  003026de         0   none ,l         * 
  FMVN_60
                                  003026e2         0   none ,l         * 
  FMVN_56
                                  003026e6         0   none ,l         * 
  FMVN_52
                                  003026ea         0   none ,l         * 
  FMVN_48
                                  003026ee         0   none ,l         * 
  FMVN_44
                                  003026f2         0   none ,l         * 
  FMVN_40
                                  003026f6         0   none ,l         * 
  FMVN_36
                                  003026fa         0   none ,l         * 
  FMVN_32
                                  003026fe         0   none ,l         * 
  FMVN_28
                                  00302702         0   none ,l         * 
  FMVN_24
                                  00302706         0   none ,l         * 
  FMVN_20
                                  0030270a         0   none ,l         * 
  FMVN_16
                                  0030270e         0   none ,l         * 
  FMVN_12
                                  00302712         0   none ,l         * 
  FMVN_8
                                  00302716         0   none ,l         * 
  FMVN_4
                                  0030271a         0   none ,l         * 
  FMVN_0
                                  0030271c         0   none ,l         * 
  FMVN_TBL
                                  00302720         0   none ,l         * 
FILE=memcpy
                                  00302764  00302821        be
  _memcpy
                                  00302764        be   func ,g         * 
FILE=_Bdel_cychdr
                                  00302824  00302833        10
  _Bdel_cychdr
                                  00302824         0   none ,g         * 
FILE=_Bdisp_AllClr_DDVRAM
                                  00302834  00302843        10
  _Bdisp_AllClr_DDVRAM
                                  00302834         0   none ,g         * 
FILE=_Bdisp_AllClr_VRAM
                                  00302844  00302853        10
  _Bdisp_AllClr_VRAM
                                  00302844         0   none ,g         * 
FILE=_Bdisp_ClearLineVRAM
                                  00302854  00302863        10
  _Bdisp_ClearLineVRAM
                                  00302854         0   none ,g         * 
FILE=_Bdisp_PutDisp_DD
                                  00302864  00302873        10
  _Bdisp_PutDisp_DD
                                  00302864         0   none ,g         * 
FILE=_Bdisp_PutLineVRAM
                                  00302874  00302883        10
  _Bdisp_DrawLineVRAM
                                  00302874         0   none ,g         * 
FILE=_BfileFLS_CloseFile
                                  00302884  00302893        10
  _BfileFLS_CloseFile
                                  00302884         0   none ,g         * 
FILE=_Bkey_Set_RepeatTime_Default
                                  00302894  003028a3        10
  _Bkey_Set_RepeatTime_Default
                                  00302894         0   none ,g         * 
FILE=_CallbackAtQuitMainFunction
                                  003028a4  003028b3        10
  _CallbackAtQuitMainFunction
                                  003028a4         0   none ,g         * 
FILE=_flsFindClose
                                  003028b4  003028c3        10
  _flsFindClose
                                  003028b4         0   none ,g         * 
FILE=_getkey
                                  003028c4  003028d3        10
  _GetKey
                                  003028c4         0   none ,g         * 
FILE=_GLibAddinAplExecutionCheck
                                  003028d4  003028e3        10
  _GLibAddinAplExecutionCheck
                                  003028d4         0   none ,g         * 
FILE=_Hmem_SetMMU
                                  003028e4  003028f3        10
  _Hmem_SetMMU
                                  003028e4         0   none ,g         * 
FILE=_Print
                                  003028f4  00302903        10
  _Print
                                  003028f4         0   none ,g         * 
FILE=dispbios
                                  00302904  00302a79       176
  _PrintMini
                                  00302904        1c   func ,g         * 
  _locate
                                  00302920        28   func ,g         * 
  _Bdisp_ReadArea_DD
                                  00302948       132   func ,g         * 
FILE=timer
                                  00302a7c  00302b7b       100
  _GetSDKLibraryVersion
                                  00302a7c         6   func ,g         * 
  _SetTimer
                                  00302a82        54   func ,g         * 
  _KillTimer
                                  00302ad6        44   func ,g         * 
  _Sleep
                                  00302b1a        62   func ,g         * 
FILE=_Bcre_cychdr
                                  00302b7c  00302b8b        10
  _Bcre_cychdr
                                  00302b7c         0   none ,g         * 
FILE=_BSrl_DummyWAIT
                                  00302b8c  00302b9b        10
  _BSrl_DummyWAIT
                                  00302b8c         0   none ,g         * 
FILE=_Bsta_cychdr
                                  00302b9c  00302bab        10
  _Bsta_cychdr
                                  00302b9c         0   none ,g         * 
FILE=_Bstp_cychdr
                                  00302bac  00302bbb        10
  _Bstp_cychdr
                                  00302bac         0   none ,g         * 
FILE=_DD_GET
                                  00302bbc  00302bcb        10
  _DD_GET
                                  00302bbc         0   none ,g         * 
FILE=_locate
                                  00302bcc  00302bdb        10
  _locate_OS
                                  00302bcc         0   none ,g         * 
FILE=_PrintMiniSd
                                  00302bdc  00302beb        10
  _PrintMiniSd
                                  00302bdc         0   none ,g         * 

SECTION=C
FILE=C:\Users\hojooni\OneDrive\문서\CASIO\fx-9860G SDK\BREAK\Debug\Break.obj
                                  00302bec  00302c6c        81
  _sc0015
                                  00302bec        10   data ,g         * 
FILE=addin_sct
                                  00302c70  00302c83        14
  _B_BGN
                                  00302c70         0   none ,g         * 
  _B_END
                                  00302c74         0   none ,g         * 
  _R_BGN
                                  00302c78         0   none ,g         * 
  _R_END
                                  00302c7c         0   none ,g         * 
  _D_ROM
                                  00302c80         0   none ,g         * 

SECTION=B_BR_Size
FILE=C:\Users\hojooni\OneDrive\문서\CASIO\fx-9860G SDK\BREAK\Debug\Break.obj
                                  08100000  08100003         4
  _BR_Size
                                  08100000         4   data ,g         * 

SECTION=B
FILE=C:\Users\hojooni\OneDrive\문서\CASIO\fx-9860G SDK\BREAK\Debug\Break.obj
                                  08100004  081002f7       2f4
  _bricks
                                  08100004       2d0   data ,g         * 
  _px
                                  081002d4         4   data ,g         * 
  _pSpeedMode
                                  081002d8         4   data ,g         * 
  _pSpeed
                                  081002dc         4   data ,g         * 
  _lives
                                  081002e0         4   data ,g         * 
  _score
                                  081002e4         4   data ,g         * 
  _bPos
                                  081002e8         8   data ,g         * 
  _bVel
                                  081002f0         8   data ,g         * 
FILE=_errno
                                  081002f8  081002fb         4
  __errno
                                  081002f8         4   data ,g         * 

SECTION=R
FILE=C:\Users\hojooni\OneDrive\문서\CASIO\fx-9860G SDK\BREAK\Debug\Break.obj
                                  081002fc  0810032b        30
  _isGameActive
                                  081002fc         4   data ,g         * 
  _rSeed
                                  08100300         4   data ,g         * 
  _pSpeeds
                                  08100304        18   data ,g         * 
  _bricksHit
                                  0810031c         4   data ,g         * 
  _bSpeedMultiplier
                                  08100320         4   data ,g         * 
  _respawnFrames
                                  08100324         4   data ,g         * 
  _changeSpeedKeyDown$503
                                  08100328         4   data ,l         * 
FILE=C:\Users\hojooni\OS\FX\lib\setup.obj
                                  0810032c  0810032f         4
  _gb_OnAppClose
                                  0810032c         4   data ,g         * 

Absolute value symbols
FILE=__divls
  zerodiv
                                  0000044e         0   none ,l         * 
FILE=__modls
  zerodiv
                                  0000044e         0   none ,l         * 
FILE=_Bdel_cychdr
  __JumpTableTOP
                                  80010070         0   none ,l         * 
FILE=_Bdisp_AllClr_DDVRAM
  __JumpTableTOP
                                  80010070         0   none ,l         * 
FILE=_Bdisp_AllClr_VRAM
  __JumpTableTOP
                                  80010070         0   none ,l         * 
FILE=_Bdisp_ClearLineVRAM
  __JumpTableTOP
                                  80010070         0   none ,l         * 
FILE=_Bdisp_PutDisp_DD
  __JumpTableTOP
                                  80010070         0   none ,l         * 
FILE=_Bdisp_PutLineVRAM
  __JumpTableTOP
                                  80010070         0   none ,l         * 
FILE=_BfileFLS_CloseFile
  __JumpTableTOP
                                  80010070         0   none ,l         * 
FILE=_Bkey_Set_RepeatTime_Default
  __JumpTableTOP
                                  80010070         0   none ,l         * 
FILE=_CallbackAtQuitMainFunction
  __JumpTableTOP
                                  80010070         0   none ,l         * 
FILE=_flsFindClose
  __JumpTableTOP
                                  80010070         0   none ,l         * 
FILE=_getkey
  __JumpTableTOP
                                  80010070         0   none ,l         * 
FILE=_GLibAddinAplExecutionCheck
  __JumpTableTOP
                                  80010070         0   none ,l         * 
FILE=_Hmem_SetMMU
  __JumpTableTOP
                                  80010070         0   none ,l         * 
FILE=_Print
  __JumpTableTOP
                                  80010070         0   none ,l         * 
FILE=_Bcre_cychdr
  __JumpTableTOP
                                  80010070         0   none ,l         * 
FILE=_BSrl_DummyWAIT
  __JumpTableTOP
                                  80010070         0   none ,l         * 
FILE=_Bsta_cychdr
  __JumpTableTOP
                                  80010070         0   none ,l         * 
FILE=_Bstp_cychdr
  __JumpTableTOP
                                  80010070         0   none ,l         * 
FILE=_DD_GET
  __JumpTableTOP
                                  80010070         0   none ,l         * 
FILE=_locate
  __JumpTableTOP
                                  80010070         0   none ,l         * 
FILE=_PrintMiniSd
  __JumpTableTOP
                                  80010070         0   none ,l         * 

*** Delete Symbols ***

SYMBOL                                SIZE    INFO

*** Variable Accessible with Abs8 ***

SYMBOL                                SIZE    COUNTS  OPTIMIZE

*** Variable Accessible with Abs16 ***

SYMBOL                                SIZE    COUNTS  OPTIMIZE

*** Function Call ***

SYMBOL                              COUNTS  OPTIMIZE
